tandem: partner stderr:
/eval.ts:1:25: ERROR: Expected string but found "."
    at failureErrorWithLog (Z:\328\CMPUT328-A2\codexworks\301\language\node_modules\esbuild\lib\main.js:1748:15)
    at Z:\328\CMPUT328-A2\codexworks\301\language\node_modules\esbuild\lib\main.js:1017:50
    at responseCallbacks.<computed> (Z:\328\CMPUT328-A2\codexworks\301\language\node_modules\esbuild\lib\main.js:884:9)
    at handleIncomingPacket (Z:\328\CMPUT328-A2\codexworks\301\language\node_modules\esbuild\lib\main.js:939:12)
    at Socket.readFromStdout (Z:\328\CMPUT328-A2\codexworks\301\language\node_modules\esbuild\lib\main.js:862:7)
    at Socket.emit (node:events:519:28)
    at addChunk (node:internal/streams/readable:561:12)
    at readableAddChunkPushByteMode (node:internal/streams/readable:512:3)
    at Readable.push (node:internal/streams/readable:392:5)
    at Pipe.onStreamRead (node:internal/stream_base_commons:189:23) {
  errors: [
    {
      detail: undefined,
      id: '',
      location: {
        column: 25,
        file: '/eval.ts',
        length: 1,
        line: 1,
        lineText: 'import { allKanji } from ./content/ja/kanji.ts; console.log(allKanji.length, allKanji.reduce((n,k)=>n+k.examples.length,0), allKanji.every(k=>k.examples.every((e,i)=>e.audioId === `${k.id}-ex${i}`)));',
        namespace: '',
        suggestion: ''
      },
      notes: [],
      pluginName: '',
      text: 'Expected string but found "."'
    }
  ],
  warnings: []
}

Node.js v22.20.0


